Partition Merge report for spi_test
Mon May 06 23:02:28 2019
Quartus Prime Version 16.1.0 Build 196 10/24/2016 SJ Lite Edition


---------------------
; Table of Contents ;
---------------------
  1. Legal Notice
  2. Partition Merge Summary
  3. Partition Merge Netlist Types Used
  4. Connections to In-System Debugging Instance "auto_signaltap_0"
  5. Partition Merge Partition Statistics
  6. Partition Merge Partition Pin Processing
  7. Partition Merge Resource Usage Summary
  8. Partition Merge RAM Summary
  9. Partition Merge Messages



----------------
; Legal Notice ;
----------------
Copyright (C) 2016  Intel Corporation. All rights reserved.
Your use of Intel Corporation's design tools, logic functions 
and other software and tools, and its AMPP partner logic 
functions, and any output files from any of the foregoing 
(including device programming or simulation files), and any 
associated documentation or information are expressly subject 
to the terms and conditions of the Intel Program License 
Subscription Agreement, the Intel Quartus Prime License Agreement,
the Intel MegaCore Function License Agreement, or other 
applicable license agreement, including, without limitation, 
that your use is for the sole purpose of programming logic 
devices manufactured by Intel and sold by Intel or its 
authorized distributors.  Please refer to the applicable 
agreement for further details.



+----------------------------------------------------------------------------------+
; Partition Merge Summary                                                          ;
+------------------------------------+---------------------------------------------+
; Partition Merge Status             ; Successful - Mon May 06 23:02:28 2019       ;
; Quartus Prime Version              ; 16.1.0 Build 196 10/24/2016 SJ Lite Edition ;
; Revision Name                      ; spi_test                                    ;
; Top-level Entity Name              ; spi_test                                    ;
; Family                             ; Cyclone IV E                                ;
; Total logic elements               ; 1,773                                       ;
;     Total combinational functions  ; 1,190                                       ;
;     Dedicated logic registers      ; 1,138                                       ;
; Total registers                    ; 1138                                        ;
; Total pins                         ; 28                                          ;
; Total virtual pins                 ; 0                                           ;
; Total memory bits                  ; 6,496                                       ;
; Embedded Multiplier 9-bit elements ; 0                                           ;
; Total PLLs                         ; 1                                           ;
+------------------------------------+---------------------------------------------+


+-------------------------------------------------------------------------------------------------------------------------------+
; Partition Merge Netlist Types Used                                                                                            ;
+--------------------------------+----------------+-------------------+------------------------+--------------------------------+
; Partition Name                 ; Partition Type ; Netlist Type Used ; Netlist Type Requested ; Partition Contents             ;
+--------------------------------+----------------+-------------------+------------------------+--------------------------------+
; Top                            ; User-created   ; Source File       ; Source File            ;                                ;
; sld_hub:auto_hub               ; Auto-generated ; Post-Synthesis    ; Post-Synthesis         ; sld_hub:auto_hub               ;
; sld_signaltap:auto_signaltap_0 ; Auto-generated ; Post-Synthesis    ; Post-Synthesis         ; sld_signaltap:auto_signaltap_0 ;
; hard_block:auto_generated_inst ; Auto-generated ; Source File       ; Source File            ; hard_block:auto_generated_inst ;
+--------------------------------+----------------+-------------------+------------------------+--------------------------------+


+-----------------------------------------------------------------------------------------------------------------------------------------------------------------+
; Connections to In-System Debugging Instance "auto_signaltap_0"                                                                                                  ;
+---------------------------------+--------------+-----------+--------------------------------+-------------------+-------------------------------------+---------+
; Name                            ; Type         ; Status    ; Partition Name                 ; Netlist Type Used ; Actual Connection                   ; Details ;
+---------------------------------+--------------+-----------+--------------------------------+-------------------+-------------------------------------+---------+
; 50MHz_CLK                       ; post-fitting ; connected ; Top                            ; post-synthesis    ; 50MHz_CLK                           ; N/A     ;
; LCD_CS_N                        ; post-fitting ; connected ; Top                            ; post-synthesis    ; LCD_CS_N                            ; N/A     ;
; LCD_CS_N                        ; post-fitting ; connected ; Top                            ; post-synthesis    ; LCD_CS_N                            ; N/A     ;
; LCD_CS_N                        ; post-fitting ; connected ; Top                            ; post-synthesis    ; LCD_CS_N                            ; N/A     ;
; MOSI_IN                         ; post-fitting ; connected ; Top                            ; post-synthesis    ; MOSI_IN                             ; N/A     ;
; MOSI_IN                         ; post-fitting ; connected ; Top                            ; post-synthesis    ; MOSI_IN                             ; N/A     ;
; SCLK_IN                         ; post-fitting ; connected ; Top                            ; post-synthesis    ; SCLK_IN                             ; N/A     ;
; SCLK_IN                         ; post-fitting ; connected ; Top                            ; post-synthesis    ; SCLK_IN                             ; N/A     ;
; auto_signaltap_0|gnd            ; post-fitting ; connected ; sld_signaltap:auto_signaltap_0 ; post-synthesis    ; sld_signaltap:auto_signaltap_0|~GND ; N/A     ;
; auto_signaltap_0|gnd            ; post-fitting ; connected ; sld_signaltap:auto_signaltap_0 ; post-synthesis    ; sld_signaltap:auto_signaltap_0|~GND ; N/A     ;
; auto_signaltap_0|gnd            ; post-fitting ; connected ; sld_signaltap:auto_signaltap_0 ; post-synthesis    ; sld_signaltap:auto_signaltap_0|~GND ; N/A     ;
; auto_signaltap_0|gnd            ; post-fitting ; connected ; sld_signaltap:auto_signaltap_0 ; post-synthesis    ; sld_signaltap:auto_signaltap_0|~GND ; N/A     ;
; auto_signaltap_0|gnd            ; post-fitting ; connected ; sld_signaltap:auto_signaltap_0 ; post-synthesis    ; sld_signaltap:auto_signaltap_0|~GND ; N/A     ;
; auto_signaltap_0|gnd            ; post-fitting ; connected ; sld_signaltap:auto_signaltap_0 ; post-synthesis    ; sld_signaltap:auto_signaltap_0|~GND ; N/A     ;
; auto_signaltap_0|gnd            ; post-fitting ; connected ; sld_signaltap:auto_signaltap_0 ; post-synthesis    ; sld_signaltap:auto_signaltap_0|~GND ; N/A     ;
; auto_signaltap_0|gnd            ; post-fitting ; connected ; sld_signaltap:auto_signaltap_0 ; post-synthesis    ; sld_signaltap:auto_signaltap_0|~GND ; N/A     ;
; auto_signaltap_0|gnd            ; post-fitting ; connected ; sld_signaltap:auto_signaltap_0 ; post-synthesis    ; sld_signaltap:auto_signaltap_0|~GND ; N/A     ;
; auto_signaltap_0|gnd            ; post-fitting ; connected ; sld_signaltap:auto_signaltap_0 ; post-synthesis    ; sld_signaltap:auto_signaltap_0|~GND ; N/A     ;
; auto_signaltap_0|gnd            ; post-fitting ; connected ; sld_signaltap:auto_signaltap_0 ; post-synthesis    ; sld_signaltap:auto_signaltap_0|~GND ; N/A     ;
; auto_signaltap_0|gnd            ; post-fitting ; connected ; sld_signaltap:auto_signaltap_0 ; post-synthesis    ; sld_signaltap:auto_signaltap_0|~GND ; N/A     ;
; auto_signaltap_0|gnd            ; post-fitting ; connected ; sld_signaltap:auto_signaltap_0 ; post-synthesis    ; sld_signaltap:auto_signaltap_0|~GND ; N/A     ;
; auto_signaltap_0|vcc            ; post-fitting ; connected ; sld_signaltap:auto_signaltap_0 ; post-synthesis    ; sld_signaltap:auto_signaltap_0|~VCC ; N/A     ;
; auto_signaltap_0|vcc            ; post-fitting ; connected ; sld_signaltap:auto_signaltap_0 ; post-synthesis    ; sld_signaltap:auto_signaltap_0|~VCC ; N/A     ;
; auto_signaltap_0|vcc            ; post-fitting ; connected ; sld_signaltap:auto_signaltap_0 ; post-synthesis    ; sld_signaltap:auto_signaltap_0|~VCC ; N/A     ;
; auto_signaltap_0|vcc            ; post-fitting ; connected ; sld_signaltap:auto_signaltap_0 ; post-synthesis    ; sld_signaltap:auto_signaltap_0|~VCC ; N/A     ;
; auto_signaltap_0|vcc            ; post-fitting ; connected ; sld_signaltap:auto_signaltap_0 ; post-synthesis    ; sld_signaltap:auto_signaltap_0|~VCC ; N/A     ;
; auto_signaltap_0|vcc            ; post-fitting ; connected ; sld_signaltap:auto_signaltap_0 ; post-synthesis    ; sld_signaltap:auto_signaltap_0|~VCC ; N/A     ;
; auto_signaltap_0|vcc            ; post-fitting ; connected ; sld_signaltap:auto_signaltap_0 ; post-synthesis    ; sld_signaltap:auto_signaltap_0|~VCC ; N/A     ;
; auto_signaltap_0|vcc            ; post-fitting ; connected ; sld_signaltap:auto_signaltap_0 ; post-synthesis    ; sld_signaltap:auto_signaltap_0|~VCC ; N/A     ;
; auto_signaltap_0|vcc            ; post-fitting ; connected ; sld_signaltap:auto_signaltap_0 ; post-synthesis    ; sld_signaltap:auto_signaltap_0|~VCC ; N/A     ;
; auto_signaltap_0|vcc            ; post-fitting ; connected ; sld_signaltap:auto_signaltap_0 ; post-synthesis    ; sld_signaltap:auto_signaltap_0|~VCC ; N/A     ;
; auto_signaltap_0|vcc            ; post-fitting ; connected ; sld_signaltap:auto_signaltap_0 ; post-synthesis    ; sld_signaltap:auto_signaltap_0|~VCC ; N/A     ;
; auto_signaltap_0|vcc            ; post-fitting ; connected ; sld_signaltap:auto_signaltap_0 ; post-synthesis    ; sld_signaltap:auto_signaltap_0|~VCC ; N/A     ;
; auto_signaltap_0|vcc            ; post-fitting ; connected ; sld_signaltap:auto_signaltap_0 ; post-synthesis    ; sld_signaltap:auto_signaltap_0|~VCC ; N/A     ;
; auto_signaltap_0|vcc            ; post-fitting ; connected ; sld_signaltap:auto_signaltap_0 ; post-synthesis    ; sld_signaltap:auto_signaltap_0|~VCC ; N/A     ;
; auto_signaltap_0|vcc            ; post-fitting ; connected ; sld_signaltap:auto_signaltap_0 ; post-synthesis    ; sld_signaltap:auto_signaltap_0|~VCC ; N/A     ;
; auto_signaltap_0|vcc            ; post-fitting ; connected ; sld_signaltap:auto_signaltap_0 ; post-synthesis    ; sld_signaltap:auto_signaltap_0|~VCC ; N/A     ;
; auto_signaltap_0|vcc            ; post-fitting ; connected ; sld_signaltap:auto_signaltap_0 ; post-synthesis    ; sld_signaltap:auto_signaltap_0|~VCC ; N/A     ;
; auto_signaltap_0|vcc            ; post-fitting ; connected ; sld_signaltap:auto_signaltap_0 ; post-synthesis    ; sld_signaltap:auto_signaltap_0|~VCC ; N/A     ;
; auto_signaltap_0|vcc            ; post-fitting ; connected ; sld_signaltap:auto_signaltap_0 ; post-synthesis    ; sld_signaltap:auto_signaltap_0|~VCC ; N/A     ;
; lcd_controller:inst|e           ; post-fitting ; connected ; Top                            ; post-synthesis    ; lcd_controller:inst|e               ; N/A     ;
; lcd_controller:inst|e           ; post-fitting ; connected ; Top                            ; post-synthesis    ; lcd_controller:inst|e               ; N/A     ;
; lcd_controller:inst|lcd_data[0] ; post-fitting ; connected ; Top                            ; post-synthesis    ; lcd_controller:inst|lcd_data[0]     ; N/A     ;
; lcd_controller:inst|lcd_data[0] ; post-fitting ; connected ; Top                            ; post-synthesis    ; lcd_controller:inst|lcd_data[0]     ; N/A     ;
; lcd_controller:inst|lcd_data[1] ; post-fitting ; connected ; Top                            ; post-synthesis    ; lcd_controller:inst|lcd_data[1]     ; N/A     ;
; lcd_controller:inst|lcd_data[1] ; post-fitting ; connected ; Top                            ; post-synthesis    ; lcd_controller:inst|lcd_data[1]     ; N/A     ;
; lcd_controller:inst|lcd_data[2] ; post-fitting ; connected ; Top                            ; post-synthesis    ; lcd_controller:inst|lcd_data[2]     ; N/A     ;
; lcd_controller:inst|lcd_data[2] ; post-fitting ; connected ; Top                            ; post-synthesis    ; lcd_controller:inst|lcd_data[2]     ; N/A     ;
; lcd_controller:inst|lcd_data[3] ; post-fitting ; connected ; Top                            ; post-synthesis    ; lcd_controller:inst|lcd_data[3]     ; N/A     ;
; lcd_controller:inst|lcd_data[3] ; post-fitting ; connected ; Top                            ; post-synthesis    ; lcd_controller:inst|lcd_data[3]     ; N/A     ;
; lcd_controller:inst|lcd_data[4] ; post-fitting ; connected ; Top                            ; post-synthesis    ; lcd_controller:inst|lcd_data[4]     ; N/A     ;
; lcd_controller:inst|lcd_data[4] ; post-fitting ; connected ; Top                            ; post-synthesis    ; lcd_controller:inst|lcd_data[4]     ; N/A     ;
; lcd_controller:inst|lcd_data[5] ; post-fitting ; connected ; Top                            ; post-synthesis    ; lcd_controller:inst|lcd_data[5]     ; N/A     ;
; lcd_controller:inst|lcd_data[5] ; post-fitting ; connected ; Top                            ; post-synthesis    ; lcd_controller:inst|lcd_data[5]     ; N/A     ;
; lcd_controller:inst|lcd_data[6] ; post-fitting ; connected ; Top                            ; post-synthesis    ; lcd_controller:inst|lcd_data[6]     ; N/A     ;
; lcd_controller:inst|lcd_data[6] ; post-fitting ; connected ; Top                            ; post-synthesis    ; lcd_controller:inst|lcd_data[6]     ; N/A     ;
; lcd_controller:inst|lcd_data[7] ; post-fitting ; connected ; Top                            ; post-synthesis    ; lcd_controller:inst|lcd_data[7]     ; N/A     ;
; lcd_controller:inst|lcd_data[7] ; post-fitting ; connected ; Top                            ; post-synthesis    ; lcd_controller:inst|lcd_data[7]     ; N/A     ;
; lcd_controller:inst|rs          ; post-fitting ; connected ; Top                            ; post-synthesis    ; lcd_controller:inst|rs              ; N/A     ;
; lcd_controller:inst|rs          ; post-fitting ; connected ; Top                            ; post-synthesis    ; lcd_controller:inst|rs              ; N/A     ;
; lcd_controller:inst|rw          ; post-fitting ; connected ; Top                            ; post-synthesis    ; lcd_controller:inst|rw              ; N/A     ;
; lcd_controller:inst|rw          ; post-fitting ; connected ; Top                            ; post-synthesis    ; lcd_controller:inst|rw              ; N/A     ;
; spi_slave:inst10|rx_data[0]     ; post-fitting ; connected ; Top                            ; post-synthesis    ; spi_slave:inst10|rx_data[0]         ; N/A     ;
; spi_slave:inst10|rx_data[0]     ; post-fitting ; connected ; Top                            ; post-synthesis    ; spi_slave:inst10|rx_data[0]         ; N/A     ;
; spi_slave:inst10|rx_data[1]     ; post-fitting ; connected ; Top                            ; post-synthesis    ; spi_slave:inst10|rx_data[1]         ; N/A     ;
; spi_slave:inst10|rx_data[1]     ; post-fitting ; connected ; Top                            ; post-synthesis    ; spi_slave:inst10|rx_data[1]         ; N/A     ;
; spi_slave:inst10|rx_data[2]     ; post-fitting ; connected ; Top                            ; post-synthesis    ; spi_slave:inst10|rx_data[2]         ; N/A     ;
; spi_slave:inst10|rx_data[2]     ; post-fitting ; connected ; Top                            ; post-synthesis    ; spi_slave:inst10|rx_data[2]         ; N/A     ;
; spi_slave:inst10|rx_data[3]     ; post-fitting ; connected ; Top                            ; post-synthesis    ; spi_slave:inst10|rx_data[3]         ; N/A     ;
; spi_slave:inst10|rx_data[3]     ; post-fitting ; connected ; Top                            ; post-synthesis    ; spi_slave:inst10|rx_data[3]         ; N/A     ;
; spi_slave:inst10|rx_data[4]     ; post-fitting ; connected ; Top                            ; post-synthesis    ; spi_slave:inst10|rx_data[4]         ; N/A     ;
; spi_slave:inst10|rx_data[4]     ; post-fitting ; connected ; Top                            ; post-synthesis    ; spi_slave:inst10|rx_data[4]         ; N/A     ;
; spi_slave:inst10|rx_data[5]     ; post-fitting ; connected ; Top                            ; post-synthesis    ; spi_slave:inst10|rx_data[5]         ; N/A     ;
; spi_slave:inst10|rx_data[5]     ; post-fitting ; connected ; Top                            ; post-synthesis    ; spi_slave:inst10|rx_data[5]         ; N/A     ;
; spi_slave:inst10|rx_data[6]     ; post-fitting ; connected ; Top                            ; post-synthesis    ; spi_slave:inst10|rx_data[6]         ; N/A     ;
; spi_slave:inst10|rx_data[6]     ; post-fitting ; connected ; Top                            ; post-synthesis    ; spi_slave:inst10|rx_data[6]         ; N/A     ;
; spi_slave:inst10|rx_data[7]     ; post-fitting ; connected ; Top                            ; post-synthesis    ; spi_slave:inst10|rx_data[7]         ; N/A     ;
; spi_slave:inst10|rx_data[7]     ; post-fitting ; connected ; Top                            ; post-synthesis    ; spi_slave:inst10|rx_data[7]         ; N/A     ;
; spi_slave:inst10|rx_data[8]     ; post-fitting ; connected ; Top                            ; post-synthesis    ; spi_slave:inst10|rx_data[8]         ; N/A     ;
; spi_slave:inst10|rx_data[8]     ; post-fitting ; connected ; Top                            ; post-synthesis    ; spi_slave:inst10|rx_data[8]         ; N/A     ;
; spi_slave:inst10|rx_data[9]     ; post-fitting ; connected ; Top                            ; post-synthesis    ; spi_slave:inst10|rx_data[9]         ; N/A     ;
; spi_slave:inst10|rx_data[9]     ; post-fitting ; connected ; Top                            ; post-synthesis    ; spi_slave:inst10|rx_data[9]         ; N/A     ;
+---------------------------------+--------------+-----------+--------------------------------+-------------------+-------------------------------------+---------+


+-----------------------------------------------------------------------------------------------------------------------------------------+
; Partition Merge Partition Statistics                                                                                                    ;
+---------------------------------------------+------+------------------+--------------------------------+--------------------------------+
; Statistic                                   ; Top  ; sld_hub:auto_hub ; sld_signaltap:auto_signaltap_0 ; hard_block:auto_generated_inst ;
+---------------------------------------------+------+------------------+--------------------------------+--------------------------------+
; Estimated Total logic elements              ; 761  ; 154              ; 868                            ; 0                              ;
;                                             ;      ;                  ;                                ;                                ;
; Total combinational functions               ; 668  ; 127              ; 395                            ; 0                              ;
; Logic element usage by number of LUT inputs ;      ;                  ;                                ;                                ;
;     -- 4 input functions                    ; 267  ; 55               ; 124                            ; 0                              ;
;     -- 3 input functions                    ; 184  ; 36               ; 164                            ; 0                              ;
;     -- <=2 input functions                  ; 217  ; 36               ; 107                            ; 0                              ;
;                                             ;      ;                  ;                                ;                                ;
; Logic elements by mode                      ;      ;                  ;                                ;                                ;
;     -- normal mode                          ; 566  ; 119              ; 331                            ; 0                              ;
;     -- arithmetic mode                      ; 102  ; 8                ; 64                             ; 0                              ;
;                                             ;      ;                  ;                                ;                                ;
; Total registers                             ; 301  ; 91               ; 746                            ; 0                              ;
;     -- Dedicated logic registers            ; 301  ; 91               ; 746                            ; 0                              ;
;     -- I/O registers                        ; 0    ; 0                ; 0                              ; 0                              ;
;                                             ;      ;                  ;                                ;                                ;
; Virtual pins                                ; 0    ; 0                ; 0                              ; 0                              ;
; I/O pins                                    ; 28   ; 0                ; 0                              ; 0                              ;
; Embedded Multiplier 9-bit elements          ; 0    ; 0                ; 0                              ; 0                              ;
; Total memory bits                           ; 96   ; 0                ; 6400                           ; 0                              ;
; Total RAM block bits                        ; 0    ; 0                ; 0                              ; 0                              ;
; JTAG                                        ; 1    ; 0                ; 0                              ; 0                              ;
; PLL                                         ; 0    ; 0                ; 0                              ; 1                              ;
;                                             ;      ;                  ;                                ;                                ;
; Connections                                 ;      ;                  ;                                ;                                ;
;     -- Input Connections                    ; 2    ; 134              ; 1063                           ; 1                              ;
;     -- Registered Input Connections         ; 0    ; 102              ; 797                            ; 0                              ;
;     -- Output Connections                   ; 998  ; 167              ; 34                             ; 1                              ;
;     -- Registered Output Connections        ; 33   ; 167              ; 0                              ; 0                              ;
;                                             ;      ;                  ;                                ;                                ;
; Internal Connections                        ;      ;                  ;                                ;                                ;
;     -- Total Connections                    ; 4092 ; 860              ; 3765                           ; 3                              ;
;     -- Registered Connections               ; 1000 ; 630              ; 2507                           ; 0                              ;
;                                             ;      ;                  ;                                ;                                ;
; External Connections                        ;      ;                  ;                                ;                                ;
;     -- Top                                  ; 0    ; 123              ; 875                            ; 2                              ;
;     -- sld_hub:auto_hub                     ; 123  ; 20               ; 158                            ; 0                              ;
;     -- sld_signaltap:auto_signaltap_0       ; 875  ; 158              ; 64                             ; 0                              ;
;     -- hard_block:auto_generated_inst       ; 2    ; 0                ; 0                              ; 0                              ;
;                                             ;      ;                  ;                                ;                                ;
; Partition Interface                         ;      ;                  ;                                ;                                ;
;     -- Input Ports                          ; 13   ; 45               ; 118                            ; 1                              ;
;     -- Output Ports                         ; 19   ; 62               ; 40                             ; 1                              ;
;     -- Bidir Ports                          ; 0    ; 0                ; 0                              ; 0                              ;
;                                             ;      ;                  ;                                ;                                ;
; Registered Ports                            ;      ;                  ;                                ;                                ;
;     -- Registered Input Ports               ; 0    ; 4                ; 31                             ; 0                              ;
;     -- Registered Output Ports              ; 0    ; 29               ; 26                             ; 0                              ;
;                                             ;      ;                  ;                                ;                                ;
; Port Connectivity                           ;      ;                  ;                                ;                                ;
;     -- Input Ports driven by GND            ; 0    ; 0                ; 13                             ; 0                              ;
;     -- Output Ports driven by GND           ; 0    ; 28               ; 2                              ; 0                              ;
;     -- Input Ports driven by VCC            ; 0    ; 0                ; 19                             ; 0                              ;
;     -- Output Ports driven by VCC           ; 0    ; 0                ; 1                              ; 0                              ;
;     -- Input Ports with no Source           ; 0    ; 25               ; 4                              ; 0                              ;
;     -- Output Ports with no Source          ; 0    ; 0                ; 0                              ; 0                              ;
;     -- Input Ports with no Fanout           ; 0    ; 30               ; 18                             ; 0                              ;
;     -- Output Ports with no Fanout          ; 0    ; 29               ; 28                             ; 0                              ;
+---------------------------------------------+------+------------------+--------------------------------+--------------------------------+
Note: Resource usage numbers presented for Partitions containing post-synthesis logic are estimates.  For Partitions containing post-fit logic, resource usage numbers are accurate based on previous placement information.  Actual Fitter results may vary depending on current Fitter Preservation Level assignments.


+-----------------------------------------------------------------------------------------------------------------------+
; Partition Merge Partition Pin Processing                                                                              ;
+-----------------------------------+-----------+---------------+----------+--------------------------------------------+
; Name                              ; Partition ; Type          ; Location ; Status                                     ;
+-----------------------------------+-----------+---------------+----------+--------------------------------------------+
; 50MHz_CLK                         ; Top       ; Input Port    ; n/a      ;                                            ;
;     -- 50MHz_CLK                  ; Top       ; Input Pad     ; Unplaced ; Synthesized                                ;
;     -- 50MHz_CLK~input            ; Top       ; Input Buffer  ; Unplaced ; Synthesized                                ;
;                                   ;           ;               ;          ;                                            ;
; ADC_CS_N                          ; Top       ; Output Port   ; n/a      ;                                            ;
;     -- ADC_CS_N                   ; Top       ; Output Pad    ; Unplaced ; Synthesized                                ;
;     -- ADC_CS_N~output            ; Top       ; Output Buffer ; Unplaced ; Synthesized                                ;
;                                   ;           ;               ;          ;                                            ;
; ADC_SADDR                         ; Top       ; Output Port   ; n/a      ;                                            ;
;     -- ADC_SADDR                  ; Top       ; Output Pad    ; Unplaced ; Synthesized                                ;
;     -- ADC_SADDR~output           ; Top       ; Output Buffer ; Unplaced ; Synthesized                                ;
;                                   ;           ;               ;          ;                                            ;
; ADC_SCLK                          ; Top       ; Output Port   ; n/a      ;                                            ;
;     -- ADC_SCLK                   ; Top       ; Output Pad    ; Unplaced ; Synthesized                                ;
;     -- ADC_SCLK~output            ; Top       ; Output Buffer ; Unplaced ; Synthesized                                ;
;                                   ;           ;               ;          ;                                            ;
; ADC_SDAT                          ; Top       ; Input Port    ; n/a      ;                                            ;
;     -- ADC_SDAT                   ; Top       ; Input Pad     ; Unplaced ; Synthesized                                ;
;     -- ADC_SDAT~input             ; Top       ; Input Buffer  ; Unplaced ; Synthesized                                ;
;                                   ;           ;               ;          ;                                            ;
; CLOCK_1_OP                        ; Top       ; Output Port   ; n/a      ;                                            ;
;     -- CLOCK_1_OP                 ; Top       ; Output Pad    ; Unplaced ; Synthesized                                ;
;     -- CLOCK_1_OP~output          ; Top       ; Output Buffer ; Unplaced ; Synthesized                                ;
;                                   ;           ;               ;          ;                                            ;
; CS_N                              ; Top       ; Input Port    ; n/a      ;                                            ;
;     -- CS_N                       ; Top       ; Input Pad     ; Unplaced ; Synthesized                                ;
;     -- CS_N~input                 ; Top       ; Input Buffer  ; Unplaced ; Synthesized                                ;
;                                   ;           ;               ;          ;                                            ;
; LCD_CS_N                          ; Top       ; Input Port    ; n/a      ;                                            ;
;     -- LCD_CS_N                   ; Top       ; Input Pad     ; Unplaced ; Synthesized                                ;
;     -- LCD_CS_N~input             ; Top       ; Input Buffer  ; Unplaced ; Synthesized                                ;
;                                   ;           ;               ;          ;                                            ;
; LCD_D0                            ; Top       ; Output Port   ; n/a      ;                                            ;
;     -- LCD_D0                     ; Top       ; Output Pad    ; Unplaced ; Synthesized                                ;
;     -- LCD_D0~output              ; Top       ; Output Buffer ; Unplaced ; Synthesized                                ;
;                                   ;           ;               ;          ;                                            ;
; LCD_D1                            ; Top       ; Output Port   ; n/a      ;                                            ;
;     -- LCD_D1                     ; Top       ; Output Pad    ; Unplaced ; Synthesized                                ;
;     -- LCD_D1~output              ; Top       ; Output Buffer ; Unplaced ; Synthesized                                ;
;                                   ;           ;               ;          ;                                            ;
; LCD_D2                            ; Top       ; Output Port   ; n/a      ;                                            ;
;     -- LCD_D2                     ; Top       ; Output Pad    ; Unplaced ; Synthesized                                ;
;     -- LCD_D2~output              ; Top       ; Output Buffer ; Unplaced ; Synthesized                                ;
;                                   ;           ;               ;          ;                                            ;
; LCD_D3                            ; Top       ; Output Port   ; n/a      ;                                            ;
;     -- LCD_D3                     ; Top       ; Output Pad    ; Unplaced ; Synthesized                                ;
;     -- LCD_D3~output              ; Top       ; Output Buffer ; Unplaced ; Synthesized                                ;
;                                   ;           ;               ;          ;                                            ;
; LCD_D4                            ; Top       ; Output Port   ; n/a      ;                                            ;
;     -- LCD_D4                     ; Top       ; Output Pad    ; Unplaced ; Synthesized                                ;
;     -- LCD_D4~output              ; Top       ; Output Buffer ; Unplaced ; Synthesized                                ;
;                                   ;           ;               ;          ;                                            ;
; LCD_D5                            ; Top       ; Output Port   ; n/a      ;                                            ;
;     -- LCD_D5                     ; Top       ; Output Pad    ; Unplaced ; Synthesized                                ;
;     -- LCD_D5~output              ; Top       ; Output Buffer ; Unplaced ; Synthesized                                ;
;                                   ;           ;               ;          ;                                            ;
; LCD_D6                            ; Top       ; Output Port   ; n/a      ;                                            ;
;     -- LCD_D6                     ; Top       ; Output Pad    ; Unplaced ; Synthesized                                ;
;     -- LCD_D6~output              ; Top       ; Output Buffer ; Unplaced ; Synthesized                                ;
;                                   ;           ;               ;          ;                                            ;
; LCD_D7                            ; Top       ; Output Port   ; n/a      ;                                            ;
;     -- LCD_D7                     ; Top       ; Output Pad    ; Unplaced ; Synthesized                                ;
;     -- LCD_D7~output              ; Top       ; Output Buffer ; Unplaced ; Synthesized                                ;
;                                   ;           ;               ;          ;                                            ;
; LCD_E                             ; Top       ; Output Port   ; n/a      ;                                            ;
;     -- LCD_E                      ; Top       ; Output Pad    ; Unplaced ; Synthesized                                ;
;     -- LCD_E~output               ; Top       ; Output Buffer ; Unplaced ; Synthesized                                ;
;                                   ;           ;               ;          ;                                            ;
; LCD_RS                            ; Top       ; Output Port   ; n/a      ;                                            ;
;     -- LCD_RS                     ; Top       ; Output Pad    ; Unplaced ; Synthesized                                ;
;     -- LCD_RS~output              ; Top       ; Output Buffer ; Unplaced ; Synthesized                                ;
;                                   ;           ;               ;          ;                                            ;
; LCD_RW                            ; Top       ; Output Port   ; n/a      ;                                            ;
;     -- LCD_RW                     ; Top       ; Output Pad    ; Unplaced ; Synthesized                                ;
;     -- LCD_RW~output              ; Top       ; Output Buffer ; Unplaced ; Synthesized                                ;
;                                   ;           ;               ;          ;                                            ;
; MISO                              ; Top       ; Output Port   ; n/a      ;                                            ;
;     -- MISO                       ; Top       ; Output Pad    ; Unplaced ; Synthesized                                ;
;     -- MISO~output                ; Top       ; Output Buffer ; Unplaced ; Preserved from Synthesis Netlist (WYSIWYG) ;
;                                   ;           ;               ;          ;                                            ;
; MOSI_IN                           ; Top       ; Input Port    ; n/a      ;                                            ;
;     -- MOSI_IN                    ; Top       ; Input Pad     ; Unplaced ; Synthesized                                ;
;     -- MOSI_IN~input              ; Top       ; Input Buffer  ; Unplaced ; Synthesized                                ;
;                                   ;           ;               ;          ;                                            ;
; MOTORA                            ; Top       ; Output Port   ; n/a      ;                                            ;
;     -- MOTORA                     ; Top       ; Output Pad    ; Unplaced ; Synthesized                                ;
;     -- MOTORA~output              ; Top       ; Output Buffer ; Unplaced ; Synthesized                                ;
;                                   ;           ;               ;          ;                                            ;
; MOTORB                            ; Top       ; Output Port   ; n/a      ;                                            ;
;     -- MOTORB                     ; Top       ; Output Pad    ; Unplaced ; Synthesized                                ;
;     -- MOTORB~output              ; Top       ; Output Buffer ; Unplaced ; Synthesized                                ;
;                                   ;           ;               ;          ;                                            ;
; OPTOA                             ; Top       ; Input Port    ; n/a      ;                                            ;
;     -- OPTOA                      ; Top       ; Input Pad     ; Unplaced ; Synthesized                                ;
;     -- OPTOA~input                ; Top       ; Input Buffer  ; Unplaced ; Synthesized                                ;
;                                   ;           ;               ;          ;                                            ;
; OPTOB                             ; Top       ; Input Port    ; n/a      ;                                            ;
;     -- OPTOB                      ; Top       ; Input Pad     ; Unplaced ; Synthesized                                ;
;     -- OPTOB~input                ; Top       ; Input Buffer  ; Unplaced ; Synthesized                                ;
;                                   ;           ;               ;          ;                                            ;
; RESET_BUTTON                      ; Top       ; Input Port    ; n/a      ;                                            ;
;     -- RESET_BUTTON               ; Top       ; Input Pad     ; Unplaced ; Synthesized                                ;
;     -- RESET_BUTTON~input         ; Top       ; Input Buffer  ; Unplaced ; Synthesized                                ;
;                                   ;           ;               ;          ;                                            ;
; SCLK_IN                           ; Top       ; Input Port    ; n/a      ;                                            ;
;     -- SCLK_IN                    ; Top       ; Input Pad     ; Unplaced ; Synthesized                                ;
;     -- SCLK_IN~input              ; Top       ; Input Buffer  ; Unplaced ; Synthesized                                ;
;                                   ;           ;               ;          ;                                            ;
; SERVO_CS                          ; Top       ; Input Port    ; n/a      ;                                            ;
;     -- SERVO_CS                   ; Top       ; Input Pad     ; Unplaced ; Synthesized                                ;
;     -- SERVO_CS~input             ; Top       ; Input Buffer  ; Unplaced ; Synthesized                                ;
;                                   ;           ;               ;          ;                                            ;
; altera_reserved_tck               ; Top       ; Input Port    ; n/a      ;                                            ;
;     -- altera_reserved_tck        ; Top       ; Input Pad     ; Unplaced ; Synthesized                                ;
;     -- altera_reserved_tck~input  ; Top       ; Input Buffer  ; Unplaced ; Synthesized                                ;
;                                   ;           ;               ;          ;                                            ;
; altera_reserved_tdi               ; Top       ; Input Port    ; n/a      ;                                            ;
;     -- altera_reserved_tdi        ; Top       ; Input Pad     ; Unplaced ; Synthesized                                ;
;     -- altera_reserved_tdi~input  ; Top       ; Input Buffer  ; Unplaced ; Synthesized                                ;
;                                   ;           ;               ;          ;                                            ;
; altera_reserved_tdo               ; Top       ; Output Port   ; n/a      ;                                            ;
;     -- altera_reserved_tdo        ; Top       ; Output Pad    ; Unplaced ; Synthesized                                ;
;     -- altera_reserved_tdo~output ; Top       ; Output Buffer ; Unplaced ; Synthesized                                ;
;                                   ;           ;               ;          ;                                            ;
; altera_reserved_tms               ; Top       ; Input Port    ; n/a      ;                                            ;
;     -- altera_reserved_tms        ; Top       ; Input Pad     ; Unplaced ; Synthesized                                ;
;     -- altera_reserved_tms~input  ; Top       ; Input Buffer  ; Unplaced ; Synthesized                                ;
;                                   ;           ;               ;          ;                                            ;
+-----------------------------------+-----------+---------------+----------+--------------------------------------------+


+---------------------------------------------------------------+
; Partition Merge Resource Usage Summary                        ;
+---------------------------------------------+-----------------+
; Resource                                    ; Usage           ;
+---------------------------------------------+-----------------+
; Estimated Total logic elements              ; 1,773           ;
;                                             ;                 ;
; Total combinational functions               ; 1190            ;
; Logic element usage by number of LUT inputs ;                 ;
;     -- 4 input functions                    ; 446             ;
;     -- 3 input functions                    ; 384             ;
;     -- <=2 input functions                  ; 360             ;
;                                             ;                 ;
; Logic elements by mode                      ;                 ;
;     -- normal mode                          ; 1016            ;
;     -- arithmetic mode                      ; 174             ;
;                                             ;                 ;
; Total registers                             ; 1138            ;
;     -- Dedicated logic registers            ; 1138            ;
;     -- I/O registers                        ; 0               ;
;                                             ;                 ;
; I/O pins                                    ; 28              ;
; Total memory bits                           ; 6496            ;
;                                             ;                 ;
; Embedded Multiplier 9-bit elements          ; 0               ;
;                                             ;                 ;
; Total PLLs                                  ; 1               ;
;     -- PLLs                                 ; 1               ;
;                                             ;                 ;
; Maximum fan-out node                        ; 50MHz_CLK~input ;
; Maximum fan-out                             ; 715             ;
; Total fan-out                               ; 7500            ;
; Average fan-out                             ; 3.09            ;
+---------------------------------------------+-----------------+


+-----------------------------------------------------------------------------------------------------------------------------------------------------------------------------------------------------------------------------------------------------------------------------------------------------------+
; Partition Merge RAM Summary                                                                                                                                                                                                                                                                               ;
+-------------------------------------------------------------------------------------------------------------------------------------------------------------------------------------------------------+------+------------------+--------------+--------------+--------------+--------------+------+------+
; Name                                                                                                                                                                                                  ; Type ; Mode             ; Port A Depth ; Port A Width ; Port B Depth ; Port B Width ; Size ; MIF  ;
+-------------------------------------------------------------------------------------------------------------------------------------------------------------------------------------------------------+------+------------------+--------------+--------------+--------------+--------------+------+------+
; scfifo:inst18|scfifo_tr71:auto_generated|a_dpfifo_get:dpfifo|altsyncram_ugm1:FIFOram|ALTSYNCRAM                                                                                                       ; AUTO ; Simple Dual Port ; 8            ; 12           ; 8            ; 12           ; 96   ; None ;
; sld_signaltap:auto_signaltap_0|sld_signaltap_impl:sld_signaltap_body|sld_signaltap_implb:sld_signaltap_body|altsyncram:\stp_non_zero_ram_gen:stp_buffer_ram|altsyncram_a524:auto_generated|ALTSYNCRAM ; AUTO ; Simple Dual Port ; 256          ; 25           ; 256          ; 25           ; 6400 ; None ;
+-------------------------------------------------------------------------------------------------------------------------------------------------------------------------------------------------------+------+------------------+--------------+--------------+--------------+--------------+------+------+


+--------------------------+
; Partition Merge Messages ;
+--------------------------+
Info: *******************************************************************
Info: Running Quartus Prime Partition Merge
    Info: Version 16.1.0 Build 196 10/24/2016 SJ Lite Edition
    Info: Processing started: Mon May 06 23:02:26 2019
Info: Command: quartus_cdb --read_settings_files=off --write_settings_files=off spi_test -c spi_test --merge=on
Warning (18236): Number of processors has not been specified which may cause overloading on shared machines.  Set the global assignment NUM_PARALLEL_PROCESSORS in your QSF to an appropriate value for best performance.
Info (35007): Using synthesis netlist for partition "Top"
Info (35007): Using synthesis netlist for partition "sld_hub:auto_hub"
Info (35007): Using synthesis netlist for partition "sld_signaltap:auto_signaltap_0"
Info (35024): Successfully connected in-system debug instance "auto_signaltap_0" to all 82 required data inputs, trigger inputs, acquisition clocks, and dynamic pins
Info (35002): Resolved and merged 3 partition(s)
Info (16010): Generating hard_block partition "hard_block:auto_generated_inst"
    Info (16011): Adding 1 node(s), including 0 DDIO, 1 PLL, 0 transceiver and 0 LCELL
Critical Warning (138067): Current license file does not support incremental compilation. The Quartus Prime software removes all the user-specified design partitions in the design automatically.
Warning (21074): Design contains 2 input pin(s) that do not drive logic
    Warning (15610): No output dependent on input pin "OPTOA"
    Warning (15610): No output dependent on input pin "OPTOB"
Info (21057): Implemented 1877 device resources after synthesis - the final resource count might be different
    Info (21058): Implemented 13 input pins
    Info (21059): Implemented 19 output pins
    Info (21061): Implemented 1806 logic cells
    Info (21064): Implemented 37 RAM segments
    Info (21065): Implemented 1 PLLs
Info: Quartus Prime Partition Merge was successful. 0 errors, 5 warnings
    Info: Peak virtual memory: 4673 megabytes
    Info: Processing ended: Mon May 06 23:02:30 2019
    Info: Elapsed time: 00:00:04
    Info: Total CPU time (on all processors): 00:00:02


